2026-09-08 19:17:45,871 | INFO | app | user with eyJhbGciOiJIUzI1NiIsInR5cCI6IkpXVCJ9.eyJ1c2VyX2lkIjoiMiIsImV4cCI6MTc4ODg3NzYzNn0.bKSu1-PGe22xYhZVwWh1J66bQsqLk2DbqMgGROlpuNs has this {'user_id': '2', 'exp': 1788877636}
2026-09-08 19:17:45,884 | INFO | app | user request url: http://127.0.0.1:8000/order/create_order
2026-09-08 19:17:45,892 | INFO | app | order:10
2026-09-08 19:17:45,892 | INFO | app | food name:1,price:240.0,total_price:240.0
2026-09-08 19:18:03,553 | INFO | app | user with eyJhbGciOiJIUzI1NiIsInR5cCI6IkpXVCJ9.eyJ1c2VyX2lkIjoiMiIsImV4cCI6MTc4ODg3NzYzNn0.bKSu1-PGe22xYhZVwWh1J66bQsqLk2DbqMgGROlpuNs has this {'user_id': '2', 'exp': 1788877636}
2026-09-08 19:18:03,554 | INFO | app | user request url: http://127.0.0.1:8000/order/get-order-by-restaurant-id?restaurant_id=1
2026-09-08 19:18:03,557 | ERROR | app | Unhandled exception | /order/get-order-by-restaurant-id
Traceback (most recent call last):
  File "D:\fastAPI\envename\Lib\site-packages\starlette\middleware\errors.py", line 164, in __call__
    await self.app(scope, receive, _send)
  File "D:\fastAPI\envename\Lib\site-packages\starlette\middleware\exceptions.py", line 63, in __call__
    await wrap_app_handling_exceptions(self.app, conn)(scope, receive, send)
  File "D:\fastAPI\envename\Lib\site-packages\starlette\_exception_handler.py", line 53, in wrapped_app
    raise exc
  File "D:\fastAPI\envename\Lib\site-packages\starlette\_exception_handler.py", line 42, in wrapped_app
    await app(scope, receive, sender)
  File "D:\fastAPI\envename\Lib\site-packages\fastapi\middleware\asyncexitstack.py", line 18, in __call__
    await self.app(scope, receive, send)
  File "D:\fastAPI\envename\Lib\site-packages\starlette\routing.py", line 660, in __call__
    await self.middleware_stack(scope, receive, send)
  File "D:\fastAPI\envename\Lib\site-packages\fastapi\routing.py", line 2692, in app
    await route.handle(scope, receive, send)
  File "D:\fastAPI\envename\Lib\site-packages\fastapi\routing.py", line 1773, in handle
    await self.original_router.handle(scope, receive, send)
  File "D:\fastAPI\envename\Lib\site-packages\fastapi\routing.py", line 2747, in handle
    await included_router._handle_selected(scope, receive, send)
  File "D:\fastAPI\envename\Lib\site-packages\fastapi\routing.py", line 1793, in _handle_selected
    await original_route.handle(scope, receive, send)
  File "D:\fastAPI\envename\Lib\site-packages\fastapi\routing.py", line 1272, in handle
    await app(scope, receive, send)
  File "D:\fastAPI\envename\Lib\site-packages\fastapi\routing.py", line 156, in app
    await wrap_app_handling_exceptions(app, request)(scope, receive, send)
  File "D:\fastAPI\envename\Lib\site-packages\starlette\_exception_handler.py", line 53, in wrapped_app
    raise exc
  File "D:\fastAPI\envename\Lib\site-packages\starlette\_exception_handler.py", line 42, in wrapped_app
    await app(scope, receive, sender)
  File "D:\fastAPI\envename\Lib\site-packages\fastapi\routing.py", line 142, in app
    response = await f(request)
               ^^^^^^^^^^^^^^^^
  File "D:\fastAPI\envename\Lib\site-packages\fastapi\routing.py", line 698, in app
    raw_response = await run_endpoint_function(
                   ^^^^^^^^^^^^^^^^^^^^^^^^^^^^
  File "D:\fastAPI\envename\Lib\site-packages\fastapi\routing.py", line 352, in run_endpoint_function
    return await run_in_threadpool(dependant.call, **values)
           ^^^^^^^^^^^^^^^^^^^^^^^^^^^^^^^^^^^^^^^^^^^^^^^^^
  File "D:\fastAPI\envename\Lib\site-packages\starlette\concurrency.py", line 34, in run_in_threadpool
    return await anyio.to_thread.run_sync(func)
           ^^^^^^^^^^^^^^^^^^^^^^^^^^^^^^^^^^^^
  File "D:\fastAPI\envename\Lib\site-packages\anyio\to_thread.py", line 65, in run_sync
    return await get_async_backend().run_sync_in_worker_thread(
           ^^^^^^^^^^^^^^^^^^^^^^^^^^^^^^^^^^^^^^^^^^^^^^^^^^^^
  File "D:\fastAPI\envename\Lib\site-packages\anyio\_backends\_asyncio.py", line 2641, in run_sync_in_worker_thread
    return await future
           ^^^^^^^^^^^^
  File "D:\fastAPI\envename\Lib\site-packages\anyio\_backends\_asyncio.py", line 1033, in run
    result = context.run(func, *args)
             ^^^^^^^^^^^^^^^^^^^^^^^^
  File "D:\fastAPI\app\api\order_api.py", line 17, in get_food_by_restaurant_id
    order= orderservice.get_order_by_restaurant_id(restaurant_id)
           ^^^^^^^^^^^^^^^^^^^^^^^^^^^^^^^^^^^^^^^^^^^^^^^^^^^^^^
  File "D:\fastAPI\app\service\order_service.py", line 41, in get_order_by_restaurant_id
    def get_order_by_restaurant_id(self,restaurant_id:int):
               ^^^^^^^^^^^^^^^^^^^^^^^^^^^^^^^^^^^^^^^^^^^^^
TypeError: OrderRepository.create_order_repo() missing 2 required positional arguments: 'user_id' and 'total_price'
2026-09-08 19:23:42,322 | INFO | app | user with 2 has this eyJhbGciOiJIUzI1NiIsInR5cCI6IkpXVCJ9.eyJ1c2VyX2lkIjoiMiIsImV4cCI6MTc4ODg3OTIyMn0.s5I3Pj17h9bmYcHIMu1j49-8GOARx_baZPcOxN_XUyY
2026-09-08 19:24:12,193 | INFO | app | user with eyJhbGciOiJIUzI1NiIsInR5cCI6IkpXVCJ9.eyJ1c2VyX2lkIjoiMiIsImV4cCI6MTc4ODg3OTIyMn0.s5I3Pj17h9bmYcHIMu1j49-8GOARx_baZPcOxN_XUyY has this {'user_id': '2', 'exp': 1788879222}
2026-09-08 19:24:12,199 | INFO | app | user request url: http://127.0.0.1:8000/order/get-order-by-restaurant-id?restaurant_id=1
2026-09-08 19:24:12,204 | ERROR | app | Unhandled exception | /order/get-order-by-restaurant-id
Traceback (most recent call last):
  File "D:\fastAPI\envename\Lib\site-packages\starlette\middleware\errors.py", line 164, in __call__
    await self.app(scope, receive, _send)
  File "D:\fastAPI\envename\Lib\site-packages\starlette\middleware\exceptions.py", line 63, in __call__
    await wrap_app_handling_exceptions(self.app, conn)(scope, receive, send)
  File "D:\fastAPI\envename\Lib\site-packages\starlette\_exception_handler.py", line 53, in wrapped_app
    raise exc
  File "D:\fastAPI\envename\Lib\site-packages\starlette\_exception_handler.py", line 42, in wrapped_app
    await app(scope, receive, sender)
  File "D:\fastAPI\envename\Lib\site-packages\fastapi\middleware\asyncexitstack.py", line 18, in __call__
    await self.app(scope, receive, send)
  File "D:\fastAPI\envename\Lib\site-packages\starlette\routing.py", line 660, in __call__
    await self.middleware_stack(scope, receive, send)
  File "D:\fastAPI\envename\Lib\site-packages\fastapi\routing.py", line 2692, in app
    await route.handle(scope, receive, send)
  File "D:\fastAPI\envename\Lib\site-packages\fastapi\routing.py", line 1773, in handle
    await self.original_router.handle(scope, receive, send)
  File "D:\fastAPI\envename\Lib\site-packages\fastapi\routing.py", line 2747, in handle
    await included_router._handle_selected(scope, receive, send)
  File "D:\fastAPI\envename\Lib\site-packages\fastapi\routing.py", line 1793, in _handle_selected
    await original_route.handle(scope, receive, send)
  File "D:\fastAPI\envename\Lib\site-packages\fastapi\routing.py", line 1272, in handle
    await app(scope, receive, send)
  File "D:\fastAPI\envename\Lib\site-packages\fastapi\routing.py", line 156, in app
    await wrap_app_handling_exceptions(app, request)(scope, receive, send)
  File "D:\fastAPI\envename\Lib\site-packages\starlette\_exception_handler.py", line 53, in wrapped_app
    raise exc
  File "D:\fastAPI\envename\Lib\site-packages\starlette\_exception_handler.py", line 42, in wrapped_app
    await app(scope, receive, sender)
  File "D:\fastAPI\envename\Lib\site-packages\fastapi\routing.py", line 142, in app
    response = await f(request)
               ^^^^^^^^^^^^^^^^
  File "D:\fastAPI\envename\Lib\site-packages\fastapi\routing.py", line 698, in app
    raw_response = await run_endpoint_function(
                   ^^^^^^^^^^^^^^^^^^^^^^^^^^^^
  File "D:\fastAPI\envename\Lib\site-packages\fastapi\routing.py", line 352, in run_endpoint_function
    return await run_in_threadpool(dependant.call, **values)
           ^^^^^^^^^^^^^^^^^^^^^^^^^^^^^^^^^^^^^^^^^^^^^^^^^
  File "D:\fastAPI\envename\Lib\site-packages\starlette\concurrency.py", line 34, in run_in_threadpool
    return await anyio.to_thread.run_sync(func)
           ^^^^^^^^^^^^^^^^^^^^^^^^^^^^^^^^^^^^
  File "D:\fastAPI\envename\Lib\site-packages\anyio\to_thread.py", line 65, in run_sync
    return await get_async_backend().run_sync_in_worker_thread(
           ^^^^^^^^^^^^^^^^^^^^^^^^^^^^^^^^^^^^^^^^^^^^^^^^^^^^
  File "D:\fastAPI\envename\Lib\site-packages\anyio\_backends\_asyncio.py", line 2641, in run_sync_in_worker_thread
    return await future
           ^^^^^^^^^^^^
  File "D:\fastAPI\envename\Lib\site-packages\anyio\_backends\_asyncio.py", line 1033, in run
    result = context.run(func, *args)
             ^^^^^^^^^^^^^^^^^^^^^^^^
  File "D:\fastAPI\app\api\order_api.py", line 17, in get_food_by_restaurant_id
    order= orderservice.get_order_by_restaurant_id(restaurant_id)
           ^^^^^^^^^^^^^^^^^^^^^^^^^^^^^^^^^^^^^^^^^^^^^^^^^^^^^^
  File "D:\fastAPI\app\service\order_service.py", line 42, in get_order_by_restaurant_id
    return self.order_repo.create_order_repo(restaurant_id)
           ^^^^^^^^^^^^^^^^^^^^^^^^^^^^^^^^^^^^^^^^^^^^^^^^
TypeError: OrderRepository.create_order_repo() missing 2 required positional arguments: 'user_id' and 'total_price'
2026-09-09 18:37:36,185 | INFO | app | user with 2 has this eyJhbGciOiJIUzI1NiIsInR5cCI6IkpXVCJ9.eyJ1c2VyX2lkIjoiMiIsImV4cCI6MTc4ODk2Mjg1Nn0.-u2o-DFdkXbl7orRHpLawG-c-unXTYiAn3C_vlS3V0o
2026-09-09 18:38:07,144 | INFO | app | user with eyJhbGciOiJIUzI1NiIsInR5cCI6IkpXVCJ9.eyJ1c2VyX2lkIjoiMiIsImV4cCI6MTc4ODk2Mjg1Nn0.-u2o-DFdkXbl7orRHpLawG-c-unXTYiAn3C_vlS3V0o has this {'user_id': '2', 'exp': 1788962856}
2026-09-09 18:38:07,150 | INFO | app | user request url: http://127.0.0.1:8000/order/get-order-by-restaurant-id?restaurant_id=1
2026-09-09 18:38:07,152 | ERROR | app | Unhandled exception | /order/get-order-by-restaurant-id
Traceback (most recent call last):
  File "D:\fastAPI\envename\Lib\site-packages\starlette\middleware\errors.py", line 164, in __call__
    await self.app(scope, receive, _send)
  File "D:\fastAPI\envename\Lib\site-packages\starlette\middleware\exceptions.py", line 63, in __call__
    await wrap_app_handling_exceptions(self.app, conn)(scope, receive, send)
  File "D:\fastAPI\envename\Lib\site-packages\starlette\_exception_handler.py", line 53, in wrapped_app
    raise exc
  File "D:\fastAPI\envename\Lib\site-packages\starlette\_exception_handler.py", line 42, in wrapped_app
    await app(scope, receive, sender)
  File "D:\fastAPI\envename\Lib\site-packages\fastapi\middleware\asyncexitstack.py", line 18, in __call__
    await self.app(scope, receive, send)
  File "D:\fastAPI\envename\Lib\site-packages\starlette\routing.py", line 660, in __call__
    await self.middleware_stack(scope, receive, send)
  File "D:\fastAPI\envename\Lib\site-packages\fastapi\routing.py", line 2692, in app
    await route.handle(scope, receive, send)
  File "D:\fastAPI\envename\Lib\site-packages\fastapi\routing.py", line 1773, in handle
    await self.original_router.handle(scope, receive, send)
  File "D:\fastAPI\envename\Lib\site-packages\fastapi\routing.py", line 2747, in handle
    await included_router._handle_selected(scope, receive, send)
  File "D:\fastAPI\envename\Lib\site-packages\fastapi\routing.py", line 1793, in _handle_selected
    await original_route.handle(scope, receive, send)
  File "D:\fastAPI\envename\Lib\site-packages\fastapi\routing.py", line 1272, in handle
    await app(scope, receive, send)
  File "D:\fastAPI\envename\Lib\site-packages\fastapi\routing.py", line 156, in app
    await wrap_app_handling_exceptions(app, request)(scope, receive, send)
  File "D:\fastAPI\envename\Lib\site-packages\starlette\_exception_handler.py", line 53, in wrapped_app
    raise exc
  File "D:\fastAPI\envename\Lib\site-packages\starlette\_exception_handler.py", line 42, in wrapped_app
    await app(scope, receive, sender)
  File "D:\fastAPI\envename\Lib\site-packages\fastapi\routing.py", line 142, in app
    response = await f(request)
               ^^^^^^^^^^^^^^^^
  File "D:\fastAPI\envename\Lib\site-packages\fastapi\routing.py", line 698, in app
    raw_response = await run_endpoint_function(
                   ^^^^^^^^^^^^^^^^^^^^^^^^^^^^
  File "D:\fastAPI\envename\Lib\site-packages\fastapi\routing.py", line 352, in run_endpoint_function
    return await run_in_threadpool(dependant.call, **values)
           ^^^^^^^^^^^^^^^^^^^^^^^^^^^^^^^^^^^^^^^^^^^^^^^^^
  File "D:\fastAPI\envename\Lib\site-packages\starlette\concurrency.py", line 34, in run_in_threadpool
    return await anyio.to_thread.run_sync(func)
           ^^^^^^^^^^^^^^^^^^^^^^^^^^^^^^^^^^^^
  File "D:\fastAPI\envename\Lib\site-packages\anyio\to_thread.py", line 65, in run_sync
    return await get_async_backend().run_sync_in_worker_thread(
           ^^^^^^^^^^^^^^^^^^^^^^^^^^^^^^^^^^^^^^^^^^^^^^^^^^^^
  File "D:\fastAPI\envename\Lib\site-packages\anyio\_backends\_asyncio.py", line 2641, in run_sync_in_worker_thread
    return await future
           ^^^^^^^^^^^^
  File "D:\fastAPI\envename\Lib\site-packages\anyio\_backends\_asyncio.py", line 1033, in run
    result = context.run(func, *args)
             ^^^^^^^^^^^^^^^^^^^^^^^^
  File "D:\fastAPI\app\api\order_api.py", line 17, in get_food_by_restaurant_id
    order= orderservice.get_order_by_restaurant_id(restaurant_id)
           ^^^^^^^^^^^^^^^^^^^^^^^^^^^^^^^^^^^^^^^^^^^^^^^^^^^^^^
  File "D:\fastAPI\app\service\order_service.py", line 42, in get_order_by_restaurant_id
    return self.order_repo.create_order_repo(restaurant_id)
           ^^^^^^^^^^^^^^^^^^^^^^^^^^^^^^^^^^^^^^^^^^^^^^^^
TypeError: OrderRepository.create_order_repo() missing 2 required positional arguments: 'user_id' and 'total_price'
2026-09-09 18:43:51,974 | INFO | app | user with eyJhbGciOiJIUzI1NiIsInR5cCI6IkpXVCJ9.eyJ1c2VyX2lkIjoiMiIsImV4cCI6MTc4ODk2Mjg1Nn0.-u2o-DFdkXbl7orRHpLawG-c-unXTYiAn3C_vlS3V0o has this {'user_id': '2', 'exp': 1788962856}
2026-09-09 18:43:52,007 | INFO | app | user request url: http://127.0.0.1:8000/order/get-order-by-restaurant-id?restaurant_id=1
